Building DAG of jobs...
Using shell: /usr/bin/bash
Provided cores: 4
Rules claiming more threads will be scaled down.
Job stats:
job                count    min threads    max threads
---------------  -------  -------------  -------------
all                    1              1              1
benchmark              1              1              1
clamp                  6              1              1
flashier               5              1              1
gss                    6              1              1
mofa_flex_prior        7              1              1
pca_nmf_ica            5              1              1
plier                  6              1              1
preprocess             3              1              1
project_archs4         7              1              1
wgcna                  6              1              1
total                 53              1              1

Select jobs to execute...

[Tue May 26 13:45:26 2026]
rule clamp:
    input: output/01_model_building/05_pseudobulk/CRC_Pelka2021/norm.csv, output/01_model_building/05_pseudobulk/CRC_Pelka2021/k.csv
    output: output/01_model_building/05_pseudobulk/CRC_Pelka2021/CLAMPbase/B.csv, output/01_model_building/05_pseudobulk/CRC_Pelka2021/CLAMPfull/B.csv, output/01_model_building/05_pseudobulk/CRC_Pelka2021/CLAMPbase/CLAMPbase.rds, output/01_model_building/05_pseudobulk/CRC_Pelka2021/CLAMPfull/CLAMPfull.rds, output/01_model_building/05_pseudobulk/CRC_Pelka2021/notebooks/01_CLAMP.ipynb
    jobid: 11
    wildcards: dataset=CRC_Pelka2021
    resources: tmpdir=/tmp

Activating conda environment: clamp-analyses

[Tue May 26 13:45:26 2026]
rule project_archs4:
    input: output/01_model_building/05_pseudobulk/PBMC_1k1k/norm.csv, output/01_model_building/05_pseudobulk/PBMC_1k1k/k.csv, output/01_model_building/04_archs4/06_bp_coverage_rshall/06_bp_coverage_hall_rs_100/hall_coverage_rs100_seed_1/CLAMPfull_hall.rds
    output: output/03_model_biology/00_archs4/04_pseudobulk/PBMC_1k1k/projection.csv, output/03_model_biology/00_archs4/04_pseudobulk/PBMC_1k1k/notebooks/projection.ipynb
    jobid: 62
    wildcards: dataset=PBMC_1k1k
    resources: tmpdir=/tmp

Activating conda environment: clamp-analyses

[Tue May 26 13:45:26 2026]
rule mofa_flex_prior:
    input: output/01_model_building/05_pseudobulk/CRC_Pelka2021/norm.csv, output/01_model_building/05_pseudobulk/CRC_Pelka2021/k.csv
    output: output/01_model_building/05_pseudobulk/CRC_Pelka2021/MOFA_FLEX_PRIOR/B_matrix.csv, output/01_model_building/05_pseudobulk/CRC_Pelka2021/MOFA_FLEX_PRIOR/model.pkl, output/01_model_building/05_pseudobulk/CRC_Pelka2021/notebooks/05_MOFA_FLEX_PRIOR.ipynb
    jobid: 39
    wildcards: dataset=CRC_Pelka2021
    resources: tmpdir=/tmp

Activating conda environment: clamp-analyses

[Tue May 26 13:45:26 2026]
rule clamp:
    input: output/01_model_building/05_pseudobulk/Brain_Mathys2023/norm.csv, output/01_model_building/05_pseudobulk/Brain_Mathys2023/k.csv
    output: output/01_model_building/05_pseudobulk/Brain_Mathys2023/CLAMPbase/B.csv, output/01_model_building/05_pseudobulk/Brain_Mathys2023/CLAMPfull/B.csv, output/01_model_building/05_pseudobulk/Brain_Mathys2023/CLAMPbase/CLAMPbase.rds, output/01_model_building/05_pseudobulk/Brain_Mathys2023/CLAMPfull/CLAMPfull.rds, output/01_model_building/05_pseudobulk/Brain_Mathys2023/notebooks/01_CLAMP.ipynb
    jobid: 8
    wildcards: dataset=Brain_Mathys2023
    resources: tmpdir=/tmp

Activating conda environment: clamp-analyses
[Tue May 26 13:46:46 2026]
Finished job 62.
1 of 53 steps (2%) done
Select jobs to execute...

[Tue May 26 13:46:46 2026]
rule project_archs4:
    input: output/01_model_building/05_pseudobulk/CRC_Pelka2021/norm.csv, output/01_model_building/05_pseudobulk/CRC_Pelka2021/k.csv, output/01_model_building/04_archs4/06_bp_coverage_rshall/06_bp_coverage_hall_rs_100/hall_coverage_rs100_seed_1/CLAMPfull_hall.rds
    output: output/03_model_biology/00_archs4/04_pseudobulk/CRC_Pelka2021/projection.csv, output/03_model_biology/00_archs4/04_pseudobulk/CRC_Pelka2021/notebooks/projection.ipynb
    jobid: 60
    wildcards: dataset=CRC_Pelka2021
    resources: tmpdir=/tmp

Activating conda environment: clamp-analyses
[Tue May 26 13:48:05 2026]
Finished job 60.
2 of 53 steps (4%) done
Select jobs to execute...

[Tue May 26 13:48:05 2026]
rule clamp:
    input: output/01_model_building/05_pseudobulk/PBMC_1k1k/norm.csv, output/01_model_building/05_pseudobulk/PBMC_1k1k/k.csv
    output: output/01_model_building/05_pseudobulk/PBMC_1k1k/CLAMPbase/B.csv, output/01_model_building/05_pseudobulk/PBMC_1k1k/CLAMPfull/B.csv, output/01_model_building/05_pseudobulk/PBMC_1k1k/CLAMPbase/CLAMPbase.rds, output/01_model_building/05_pseudobulk/PBMC_1k1k/CLAMPfull/CLAMPfull.rds, output/01_model_building/05_pseudobulk/PBMC_1k1k/notebooks/01_CLAMP.ipynb
    jobid: 13
    wildcards: dataset=PBMC_1k1k
    resources: tmpdir=/tmp

Activating conda environment: clamp-analyses
[Tue May 26 13:48:32 2026]
Finished job 8.
3 of 53 steps (6%) done
Select jobs to execute...

[Tue May 26 13:48:32 2026]
rule preprocess:
    input: data/pseudobulk/Brain_Xiong2023/bulk_expr.csv
    output: output/01_model_building/05_pseudobulk/Brain_Xiong2023/norm.csv, output/01_model_building/05_pseudobulk/Brain_Xiong2023/k.csv, output/01_model_building/05_pseudobulk/Brain_Xiong2023/notebooks/00_preprocess.ipynb
    jobid: 2
    wildcards: dataset=Brain_Xiong2023
    resources: tmpdir=/tmp

Activating conda environment: clamp-analyses
[Tue May 26 13:48:52 2026]
Finished job 11.
4 of 53 steps (8%) done
Select jobs to execute...

[Tue May 26 13:48:52 2026]
rule gss:
    input: output/01_model_building/05_pseudobulk/CRC_Pelka2021/norm.csv, output/01_model_building/05_pseudobulk/CRC_Pelka2021/k.csv
    output: output/01_model_building/05_pseudobulk/CRC_Pelka2021/GSS/B.csv, output/01_model_building/05_pseudobulk/CRC_Pelka2021/GSS/RAVmodel.rds, output/01_model_building/05_pseudobulk/CRC_Pelka2021/notebooks/08_GSS.ipynb
    jobid: 53
    wildcards: dataset=CRC_Pelka2021
    resources: tmpdir=/tmp

Activating conda environment: clamp-analyses
[Tue May 26 13:49:06 2026]
Error in rule gss:
    jobid: 53
    output: output/01_model_building/05_pseudobulk/CRC_Pelka2021/GSS/B.csv, output/01_model_building/05_pseudobulk/CRC_Pelka2021/GSS/RAVmodel.rds, output/01_model_building/05_pseudobulk/CRC_Pelka2021/notebooks/08_GSS.ipynb
    conda-env: clamp-analyses
    shell:
        
        papermill nbs/01_model_building/05_pseudobulk/08_GSS.ipynb output/01_model_building/05_pseudobulk/CRC_Pelka2021/notebooks/08_GSS.ipynb           -p DATASET CRC_Pelka2021           -k ir
        
        (one of the commands exited with non-zero exit code; note that snakemake uses bash strict mode!)

[Tue May 26 13:49:08 2026]
Finished job 2.
5 of 53 steps (9%) done
Select jobs to execute...

[Tue May 26 13:49:08 2026]
rule mofa_flex_prior:
    input: output/01_model_building/05_pseudobulk/Brain_Xiong2023/norm.csv, output/01_model_building/05_pseudobulk/Brain_Xiong2023/k.csv
    output: output/01_model_building/05_pseudobulk/Brain_Xiong2023/MOFA_FLEX_PRIOR/B_matrix.csv, output/01_model_building/05_pseudobulk/Brain_Xiong2023/MOFA_FLEX_PRIOR/model.pkl, output/01_model_building/05_pseudobulk/Brain_Xiong2023/notebooks/05_MOFA_FLEX_PRIOR.ipynb
    jobid: 37
    wildcards: dataset=Brain_Xiong2023
    resources: tmpdir=/tmp

Activating conda environment: clamp-analyses
Removing output files of failed job gss since they might be corrupted:
output/01_model_building/05_pseudobulk/CRC_Pelka2021/notebooks/08_GSS.ipynb
[Tue May 26 13:50:44 2026]
Finished job 13.
6 of 53 steps (11%) done
