Building DAG of jobs...
Using shell: /usr/bin/bash
Provided cores: 4
Rules claiming more threads will be scaled down.
Job stats:
job                count    min threads    max threads
---------------  -------  -------------  -------------
all                    1              1              1
benchmark              1              1              1
clamp                  6              1              1
flashier               5              1              1
gss                    6              1              1
mofa_flex_prior        7              1              1
pca_nmf_ica            6              1              1
plier                  6              1              1
preprocess             3              1              1
project_archs4         7              1              1
wgcna                  6              1              1
total                 54              1              1

Select jobs to execute...

[Tue May 26 13:43:39 2026]
rule project_archs4:
    input: output/01_model_building/05_pseudobulk/PBMC_Perez2022/norm.csv, output/01_model_building/05_pseudobulk/PBMC_Perez2022/k.csv, output/01_model_building/04_archs4/06_bp_coverage_rshall/06_bp_coverage_hall_rs_100/hall_coverage_rs100_seed_1/CLAMPfull_hall.rds
    output: output/03_model_biology/00_archs4/04_pseudobulk/PBMC_Perez2022/projection.csv, output/03_model_biology/00_archs4/04_pseudobulk/PBMC_Perez2022/notebooks/projection.ipynb
    jobid: 63
    wildcards: dataset=PBMC_Perez2022
    resources: tmpdir=/tmp

Activating conda environment: clamp-analyses

[Tue May 26 13:43:39 2026]
rule project_archs4:
    input: output/01_model_building/05_pseudobulk/PBMC_1k1k/norm.csv, output/01_model_building/05_pseudobulk/PBMC_1k1k/k.csv, output/01_model_building/04_archs4/06_bp_coverage_rshall/06_bp_coverage_hall_rs_100/hall_coverage_rs100_seed_1/CLAMPfull_hall.rds
    output: output/03_model_biology/00_archs4/04_pseudobulk/PBMC_1k1k/projection.csv, output/03_model_biology/00_archs4/04_pseudobulk/PBMC_1k1k/notebooks/projection.ipynb
    jobid: 62
    wildcards: dataset=PBMC_1k1k
    resources: tmpdir=/tmp

Activating conda environment: clamp-analyses

[Tue May 26 13:43:39 2026]
rule mofa_flex_prior:
    input: output/01_model_building/05_pseudobulk/CRC_Pelka2021/norm.csv, output/01_model_building/05_pseudobulk/CRC_Pelka2021/k.csv
    output: output/01_model_building/05_pseudobulk/CRC_Pelka2021/MOFA_FLEX_PRIOR/B_matrix.csv, output/01_model_building/05_pseudobulk/CRC_Pelka2021/MOFA_FLEX_PRIOR/model.pkl, output/01_model_building/05_pseudobulk/CRC_Pelka2021/notebooks/05_MOFA_FLEX_PRIOR.ipynb
    jobid: 39
    wildcards: dataset=CRC_Pelka2021
    resources: tmpdir=/tmp

Activating conda environment: clamp-analyses

[Tue May 26 13:43:39 2026]
rule pca_nmf_ica:
    input: output/01_model_building/05_pseudobulk/PBMC_1k1k/norm.csv, output/01_model_building/05_pseudobulk/PBMC_1k1k/k.csv
    output: output/01_model_building/05_pseudobulk/PBMC_1k1k/PCA/B.csv, output/01_model_building/05_pseudobulk/PBMC_1k1k/NMF/B.csv, output/01_model_building/05_pseudobulk/PBMC_1k1k/ICA/B.csv, output/01_model_building/05_pseudobulk/PBMC_1k1k/PCA/pca_model.pkl, output/01_model_building/05_pseudobulk/PBMC_1k1k/NMF/nmf_model.pkl, output/01_model_building/05_pseudobulk/PBMC_1k1k/ICA/ica_model.pkl, output/01_model_building/05_pseudobulk/PBMC_1k1k/notebooks/03_PCA_NMF_ICA.ipynb
    jobid: 27
    wildcards: dataset=PBMC_1k1k
    resources: tmpdir=/tmp

Activating conda environment: clamp-analyses
[Tue May 26 13:43:42 2026]
Error in rule project_archs4:
    jobid: 62
    output: output/03_model_biology/00_archs4/04_pseudobulk/PBMC_1k1k/projection.csv, output/03_model_biology/00_archs4/04_pseudobulk/PBMC_1k1k/notebooks/projection.ipynb
    conda-env: clamp-analyses
    shell:
        
        papermill nbs/03_model_biology/00_archs4/04_pseudobulk/04_PBMC_1k1k_projection.ipynb output/03_model_biology/00_archs4/04_pseudobulk/PBMC_1k1k/notebooks/projection.ipynb           -p DATASET PBMC_1k1k           -k ir
        
        (one of the commands exited with non-zero exit code; note that snakemake uses bash strict mode!)

Removing output files of failed job project_archs4 since they might be corrupted:
output/03_model_biology/00_archs4/04_pseudobulk/PBMC_1k1k/notebooks/projection.ipynb
[Tue May 26 13:43:43 2026]
Error in rule project_archs4:
    jobid: 63
    output: output/03_model_biology/00_archs4/04_pseudobulk/PBMC_Perez2022/projection.csv, output/03_model_biology/00_archs4/04_pseudobulk/PBMC_Perez2022/notebooks/projection.ipynb
    conda-env: clamp-analyses
    shell:
        
        papermill nbs/03_model_biology/00_archs4/04_pseudobulk/06_PBMC_Perez2022_projection.ipynb output/03_model_biology/00_archs4/04_pseudobulk/PBMC_Perez2022/notebooks/projection.ipynb           -p DATASET PBMC_Perez2022           -k ir
        
        (one of the commands exited with non-zero exit code; note that snakemake uses bash strict mode!)

Removing output files of failed job project_archs4 since they might be corrupted:
output/03_model_biology/00_archs4/04_pseudobulk/PBMC_Perez2022/notebooks/projection.ipynb
[Tue May 26 13:44:18 2026]
Finished job 27.
1 of 54 steps (2%) done
