Building DAG of jobs...
Using shell: /usr/bin/bash
Provided cores: 1 (use --cores to define parallelism)
Rules claiming more threads will be scaled down.
Conda environments: ignored
Job stats:
job          count    min threads    max threads
---------  -------  -------------  -------------
benchmark        1              1              1
total            1              1              1

Select jobs to execute...

[Wed May 27 14:56:13 2026]
rule benchmark:
    input: output/01_model_building/05_pseudobulk/Brain_Mathys2023/CLAMPbase/B.csv, output/01_model_building/05_pseudobulk/Brain_Xiong2023/CLAMPbase/B.csv, output/01_model_building/05_pseudobulk/BRCA_Bassez2021/CLAMPbase/B.csv, output/01_model_building/05_pseudobulk/CRC_Pelka2021/CLAMPbase/B.csv, output/01_model_building/05_pseudobulk/LUAD_Kim2020/CLAMPbase/B.csv, output/01_model_building/05_pseudobulk/PBMC_1k1k/CLAMPbase/B.csv, output/01_model_building/05_pseudobulk/PBMC_Perez2022/CLAMPbase/B.csv, output/01_model_building/05_pseudobulk/Brain_Mathys2023/CLAMPfull/B.csv, output/01_model_building/05_pseudobulk/Brain_Xiong2023/CLAMPfull/B.csv, output/01_model_building/05_pseudobulk/BRCA_Bassez2021/CLAMPfull/B.csv, output/01_model_building/05_pseudobulk/CRC_Pelka2021/CLAMPfull/B.csv, output/01_model_building/05_pseudobulk/LUAD_Kim2020/CLAMPfull/B.csv, output/01_model_building/05_pseudobulk/PBMC_1k1k/CLAMPfull/B.csv, output/01_model_building/05_pseudobulk/PBMC_Perez2022/CLAMPfull/B.csv, output/01_model_building/05_pseudobulk/Brain_Mathys2023/PLIER/B.csv, output/01_model_building/05_pseudobulk/Brain_Xiong2023/PLIER/B.csv, output/01_model_building/05_pseudobulk/BRCA_Bassez2021/PLIER/B.csv, output/01_model_building/05_pseudobulk/CRC_Pelka2021/PLIER/B.csv, output/01_model_building/05_pseudobulk/LUAD_Kim2020/PLIER/B.csv, output/01_model_building/05_pseudobulk/PBMC_1k1k/PLIER/B.csv, output/01_model_building/05_pseudobulk/PBMC_Perez2022/PLIER/B.csv, output/01_model_building/05_pseudobulk/Brain_Mathys2023/PCA/B.csv, output/01_model_building/05_pseudobulk/Brain_Xiong2023/PCA/B.csv, output/01_model_building/05_pseudobulk/BRCA_Bassez2021/PCA/B.csv, output/01_model_building/05_pseudobulk/CRC_Pelka2021/PCA/B.csv, output/01_model_building/05_pseudobulk/LUAD_Kim2020/PCA/B.csv, output/01_model_building/05_pseudobulk/PBMC_1k1k/PCA/B.csv, output/01_model_building/05_pseudobulk/PBMC_Perez2022/PCA/B.csv, output/01_model_building/05_pseudobulk/Brain_Mathys2023/NMF/B.csv, output/01_model_building/05_pseudobulk/Brain_Xiong2023/NMF/B.csv, output/01_model_building/05_pseudobulk/BRCA_Bassez2021/NMF/B.csv, output/01_model_building/05_pseudobulk/CRC_Pelka2021/NMF/B.csv, output/01_model_building/05_pseudobulk/LUAD_Kim2020/NMF/B.csv, output/01_model_building/05_pseudobulk/PBMC_1k1k/NMF/B.csv, output/01_model_building/05_pseudobulk/PBMC_Perez2022/NMF/B.csv, output/01_model_building/05_pseudobulk/Brain_Mathys2023/ICA/B.csv, output/01_model_building/05_pseudobulk/Brain_Xiong2023/ICA/B.csv, output/01_model_building/05_pseudobulk/BRCA_Bassez2021/ICA/B.csv, output/01_model_building/05_pseudobulk/CRC_Pelka2021/ICA/B.csv, output/01_model_building/05_pseudobulk/LUAD_Kim2020/ICA/B.csv, output/01_model_building/05_pseudobulk/PBMC_1k1k/ICA/B.csv, output/01_model_building/05_pseudobulk/PBMC_Perez2022/ICA/B.csv, output/01_model_building/05_pseudobulk/Brain_Mathys2023/flashier/B.csv, output/01_model_building/05_pseudobulk/Brain_Xiong2023/flashier/B.csv, output/01_model_building/05_pseudobulk/BRCA_Bassez2021/flashier/B.csv, output/01_model_building/05_pseudobulk/CRC_Pelka2021/flashier/B.csv, output/01_model_building/05_pseudobulk/LUAD_Kim2020/flashier/B.csv, output/01_model_building/05_pseudobulk/PBMC_1k1k/flashier/B.csv, output/01_model_building/05_pseudobulk/PBMC_Perez2022/flashier/B.csv, output/01_model_building/05_pseudobulk/Brain_Mathys2023/MOFA_FLEX_PRIOR/B_matrix.csv, output/01_model_building/05_pseudobulk/Brain_Xiong2023/MOFA_FLEX_PRIOR/B_matrix.csv, output/01_model_building/05_pseudobulk/BRCA_Bassez2021/MOFA_FLEX_PRIOR/B_matrix.csv, output/01_model_building/05_pseudobulk/CRC_Pelka2021/MOFA_FLEX_PRIOR/B_matrix.csv, output/01_model_building/05_pseudobulk/LUAD_Kim2020/MOFA_FLEX_PRIOR/B_matrix.csv, output/01_model_building/05_pseudobulk/PBMC_1k1k/MOFA_FLEX_PRIOR/B_matrix.csv, output/01_model_building/05_pseudobulk/PBMC_Perez2022/MOFA_FLEX_PRIOR/B_matrix.csv, output/01_model_building/05_pseudobulk/Brain_Mathys2023/GSS/B.csv, output/01_model_building/05_pseudobulk/Brain_Xiong2023/GSS/B.csv, output/01_model_building/05_pseudobulk/BRCA_Bassez2021/GSS/B.csv, output/01_model_building/05_pseudobulk/CRC_Pelka2021/GSS/B.csv, output/01_model_building/05_pseudobulk/LUAD_Kim2020/GSS/B.csv, output/01_model_building/05_pseudobulk/PBMC_1k1k/GSS/B.csv, output/01_model_building/05_pseudobulk/PBMC_Perez2022/GSS/B.csv, output/03_model_biology/02_pseudobulk/check_outputs.ipynb
    output: output/03_model_biology/02_pseudobulk/benchmark_long.csv, output/03_model_biology/02_pseudobulk/benchmark_summary.csv, output/03_model_biology/02_pseudobulk/benchmark_plots.pdf, output/03_model_biology/02_pseudobulk/notebooks/00_method_benchmark.ipynb
    jobid: 0
    resources: tmpdir=/tmp

[Wed May 27 14:56:18 2026]
Finished job 0.
1 of 1 steps (100%) done
Complete log: /home/msubirana/Documents/pivlab/clamp-analyses/.snakemake/log/2026-05-27T145612.911997.snakemake.log
