Building DAG of jobs...
Using shell: /usr/bin/bash
Provided cores: 4
Rules claiming more threads will be scaled down.
Conda environments: ignored
Job stats:
job                count    min threads    max threads
---------------  -------  -------------  -------------
all                    1              1              1
benchmark              1              1              1
check_outputs          1              1              1
mofa_flex_prior        6              1              1
total                  9              1              1

Select jobs to execute...

[Thu May 28 10:38:31 2026]
rule mofa_flex_prior:
    input: output/01_model_building/05_pseudobulk/PBMC_1k1k/norm.csv, output/01_model_building/05_pseudobulk/PBMC_1k1k/k.csv
    output: output/01_model_building/05_pseudobulk/PBMC_1k1k/MOFA_FLEX_PRIOR/B_matrix.csv, output/01_model_building/05_pseudobulk/PBMC_1k1k/MOFA_FLEX_PRIOR/model.pkl, output/01_model_building/05_pseudobulk/PBMC_1k1k/notebooks/05_MOFA_FLEX_PRIOR.ipynb
    jobid: 35
    wildcards: dataset=PBMC_1k1k
    resources: tmpdir=/tmp


[Thu May 28 10:38:31 2026]
rule mofa_flex_prior:
    input: output/01_model_building/05_pseudobulk/Brain_Xiong2023/norm.csv, output/01_model_building/05_pseudobulk/Brain_Xiong2023/k.csv
    output: output/01_model_building/05_pseudobulk/Brain_Xiong2023/MOFA_FLEX_PRIOR/B_matrix.csv, output/01_model_building/05_pseudobulk/Brain_Xiong2023/MOFA_FLEX_PRIOR/model.pkl, output/01_model_building/05_pseudobulk/Brain_Xiong2023/notebooks/05_MOFA_FLEX_PRIOR.ipynb
    jobid: 32
    wildcards: dataset=Brain_Xiong2023
    resources: tmpdir=/tmp


[Thu May 28 10:38:31 2026]
rule mofa_flex_prior:
    input: output/01_model_building/05_pseudobulk/BRCA_Bassez2021/norm.csv, output/01_model_building/05_pseudobulk/BRCA_Bassez2021/k.csv
    output: output/01_model_building/05_pseudobulk/BRCA_Bassez2021/MOFA_FLEX_PRIOR/B_matrix.csv, output/01_model_building/05_pseudobulk/BRCA_Bassez2021/MOFA_FLEX_PRIOR/model.pkl, output/01_model_building/05_pseudobulk/BRCA_Bassez2021/notebooks/05_MOFA_FLEX_PRIOR.ipynb
    jobid: 33
    wildcards: dataset=BRCA_Bassez2021
    resources: tmpdir=/tmp


[Thu May 28 10:38:31 2026]
rule mofa_flex_prior:
    input: output/01_model_building/05_pseudobulk/Brain_Mathys2023/norm.csv, output/01_model_building/05_pseudobulk/Brain_Mathys2023/k.csv
    output: output/01_model_building/05_pseudobulk/Brain_Mathys2023/MOFA_FLEX_PRIOR/B_matrix.csv, output/01_model_building/05_pseudobulk/Brain_Mathys2023/MOFA_FLEX_PRIOR/model.pkl, output/01_model_building/05_pseudobulk/Brain_Mathys2023/notebooks/05_MOFA_FLEX_PRIOR.ipynb
    jobid: 31
    wildcards: dataset=Brain_Mathys2023
    resources: tmpdir=/tmp

[Thu May 28 11:49:52 2026]
Finished job 35.
1 of 9 steps (11%) done
Select jobs to execute...

[Thu May 28 11:49:52 2026]
rule mofa_flex_prior:
    input: output/01_model_building/05_pseudobulk/PBMC_Perez2022/norm.csv, output/01_model_building/05_pseudobulk/PBMC_Perez2022/k.csv
    output: output/01_model_building/05_pseudobulk/PBMC_Perez2022/MOFA_FLEX_PRIOR/B_matrix.csv, output/01_model_building/05_pseudobulk/PBMC_Perez2022/MOFA_FLEX_PRIOR/model.pkl, output/01_model_building/05_pseudobulk/PBMC_Perez2022/notebooks/05_MOFA_FLEX_PRIOR.ipynb
    jobid: 36
    wildcards: dataset=PBMC_Perez2022
    resources: tmpdir=/tmp

[Thu May 28 12:08:04 2026]
Finished job 31.
2 of 9 steps (22%) done
Select jobs to execute...

[Thu May 28 12:08:04 2026]
rule mofa_flex_prior:
    input: output/01_model_building/05_pseudobulk/CRC_Pelka2021/norm.csv, output/01_model_building/05_pseudobulk/CRC_Pelka2021/k.csv
    output: output/01_model_building/05_pseudobulk/CRC_Pelka2021/MOFA_FLEX_PRIOR/B_matrix.csv, output/01_model_building/05_pseudobulk/CRC_Pelka2021/MOFA_FLEX_PRIOR/model.pkl, output/01_model_building/05_pseudobulk/CRC_Pelka2021/notebooks/05_MOFA_FLEX_PRIOR.ipynb
    jobid: 34
    wildcards: dataset=CRC_Pelka2021
    resources: tmpdir=/tmp

[Thu May 28 12:19:12 2026]
Finished job 33.
3 of 9 steps (33%) done
[Thu May 28 12:32:58 2026]
Finished job 32.
4 of 9 steps (44%) done
[Thu May 28 12:47:48 2026]
Finished job 36.
5 of 9 steps (56%) done
[Thu May 28 13:24:05 2026]
Finished job 34.
6 of 9 steps (67%) done
Select jobs to execute...

[Thu May 28 13:24:05 2026]
rule check_outputs:
    input: output/01_model_building/05_pseudobulk/Brain_Mathys2023/CLAMPbase/B.csv, output/01_model_building/05_pseudobulk/Brain_Xiong2023/CLAMPbase/B.csv, output/01_model_building/05_pseudobulk/BRCA_Bassez2021/CLAMPbase/B.csv, output/01_model_building/05_pseudobulk/CRC_Pelka2021/CLAMPbase/B.csv, output/01_model_building/05_pseudobulk/PBMC_1k1k/CLAMPbase/B.csv, output/01_model_building/05_pseudobulk/PBMC_Perez2022/CLAMPbase/B.csv, output/01_model_building/05_pseudobulk/Brain_Mathys2023/CLAMPfull/B.csv, output/01_model_building/05_pseudobulk/Brain_Xiong2023/CLAMPfull/B.csv, output/01_model_building/05_pseudobulk/BRCA_Bassez2021/CLAMPfull/B.csv, output/01_model_building/05_pseudobulk/CRC_Pelka2021/CLAMPfull/B.csv, output/01_model_building/05_pseudobulk/PBMC_1k1k/CLAMPfull/B.csv, output/01_model_building/05_pseudobulk/PBMC_Perez2022/CLAMPfull/B.csv, output/01_model_building/05_pseudobulk/Brain_Mathys2023/PLIER/B.csv, output/01_model_building/05_pseudobulk/Brain_Xiong2023/PLIER/B.csv, output/01_model_building/05_pseudobulk/BRCA_Bassez2021/PLIER/B.csv, output/01_model_building/05_pseudobulk/CRC_Pelka2021/PLIER/B.csv, output/01_model_building/05_pseudobulk/PBMC_1k1k/PLIER/B.csv, output/01_model_building/05_pseudobulk/PBMC_Perez2022/PLIER/B.csv, output/01_model_building/05_pseudobulk/Brain_Mathys2023/PCA/B.csv, output/01_model_building/05_pseudobulk/Brain_Xiong2023/PCA/B.csv, output/01_model_building/05_pseudobulk/BRCA_Bassez2021/PCA/B.csv, output/01_model_building/05_pseudobulk/CRC_Pelka2021/PCA/B.csv, output/01_model_building/05_pseudobulk/PBMC_1k1k/PCA/B.csv, output/01_model_building/05_pseudobulk/PBMC_Perez2022/PCA/B.csv, output/01_model_building/05_pseudobulk/Brain_Mathys2023/NMF/B.csv, output/01_model_building/05_pseudobulk/Brain_Xiong2023/NMF/B.csv, output/01_model_building/05_pseudobulk/BRCA_Bassez2021/NMF/B.csv, output/01_model_building/05_pseudobulk/CRC_Pelka2021/NMF/B.csv, output/01_model_building/05_pseudobulk/PBMC_1k1k/NMF/B.csv, output/01_model_building/05_pseudobulk/PBMC_Perez2022/NMF/B.csv, output/01_model_building/05_pseudobulk/Brain_Mathys2023/ICA/B.csv, output/01_model_building/05_pseudobulk/Brain_Xiong2023/ICA/B.csv, output/01_model_building/05_pseudobulk/BRCA_Bassez2021/ICA/B.csv, output/01_model_building/05_pseudobulk/CRC_Pelka2021/ICA/B.csv, output/01_model_building/05_pseudobulk/PBMC_1k1k/ICA/B.csv, output/01_model_building/05_pseudobulk/PBMC_Perez2022/ICA/B.csv, output/01_model_building/05_pseudobulk/Brain_Mathys2023/flashier/B.csv, output/01_model_building/05_pseudobulk/Brain_Xiong2023/flashier/B.csv, output/01_model_building/05_pseudobulk/BRCA_Bassez2021/flashier/B.csv, output/01_model_building/05_pseudobulk/CRC_Pelka2021/flashier/B.csv, output/01_model_building/05_pseudobulk/PBMC_1k1k/flashier/B.csv, output/01_model_building/05_pseudobulk/PBMC_Perez2022/flashier/B.csv, output/01_model_building/05_pseudobulk/Brain_Mathys2023/MOFA_FLEX_PRIOR/B_matrix.csv, output/01_model_building/05_pseudobulk/Brain_Xiong2023/MOFA_FLEX_PRIOR/B_matrix.csv, output/01_model_building/05_pseudobulk/BRCA_Bassez2021/MOFA_FLEX_PRIOR/B_matrix.csv, output/01_model_building/05_pseudobulk/CRC_Pelka2021/MOFA_FLEX_PRIOR/B_matrix.csv, output/01_model_building/05_pseudobulk/PBMC_1k1k/MOFA_FLEX_PRIOR/B_matrix.csv, output/01_model_building/05_pseudobulk/PBMC_Perez2022/MOFA_FLEX_PRIOR/B_matrix.csv, output/01_model_building/05_pseudobulk/Brain_Mathys2023/WGCNA/B.csv, output/01_model_building/05_pseudobulk/Brain_Xiong2023/WGCNA/B.csv, output/01_model_building/05_pseudobulk/BRCA_Bassez2021/WGCNA/B.csv, output/01_model_building/05_pseudobulk/CRC_Pelka2021/WGCNA/B.csv, output/01_model_building/05_pseudobulk/PBMC_1k1k/WGCNA/B.csv, output/01_model_building/05_pseudobulk/PBMC_Perez2022/WGCNA/B.csv, output/01_model_building/05_pseudobulk/Brain_Mathys2023/GSS/B.csv, output/01_model_building/05_pseudobulk/Brain_Xiong2023/GSS/B.csv, output/01_model_building/05_pseudobulk/BRCA_Bassez2021/GSS/B.csv, output/01_model_building/05_pseudobulk/CRC_Pelka2021/GSS/B.csv, output/01_model_building/05_pseudobulk/PBMC_1k1k/GSS/B.csv, output/01_model_building/05_pseudobulk/PBMC_Perez2022/GSS/B.csv
    output: output/03_model_biology/02_pseudobulk/check_outputs.ipynb
    jobid: 55
    resources: tmpdir=/tmp

[Thu May 28 13:24:07 2026]
Finished job 55.
7 of 9 steps (78%) done
Select jobs to execute...

[Thu May 28 13:24:07 2026]
rule benchmark:
    input: output/01_model_building/05_pseudobulk/Brain_Mathys2023/CLAMPbase/B.csv, output/01_model_building/05_pseudobulk/Brain_Xiong2023/CLAMPbase/B.csv, output/01_model_building/05_pseudobulk/BRCA_Bassez2021/CLAMPbase/B.csv, output/01_model_building/05_pseudobulk/CRC_Pelka2021/CLAMPbase/B.csv, output/01_model_building/05_pseudobulk/PBMC_1k1k/CLAMPbase/B.csv, output/01_model_building/05_pseudobulk/PBMC_Perez2022/CLAMPbase/B.csv, output/01_model_building/05_pseudobulk/Brain_Mathys2023/CLAMPfull/B.csv, output/01_model_building/05_pseudobulk/Brain_Xiong2023/CLAMPfull/B.csv, output/01_model_building/05_pseudobulk/BRCA_Bassez2021/CLAMPfull/B.csv, output/01_model_building/05_pseudobulk/CRC_Pelka2021/CLAMPfull/B.csv, output/01_model_building/05_pseudobulk/PBMC_1k1k/CLAMPfull/B.csv, output/01_model_building/05_pseudobulk/PBMC_Perez2022/CLAMPfull/B.csv, output/01_model_building/05_pseudobulk/Brain_Mathys2023/PLIER/B.csv, output/01_model_building/05_pseudobulk/Brain_Xiong2023/PLIER/B.csv, output/01_model_building/05_pseudobulk/BRCA_Bassez2021/PLIER/B.csv, output/01_model_building/05_pseudobulk/CRC_Pelka2021/PLIER/B.csv, output/01_model_building/05_pseudobulk/PBMC_1k1k/PLIER/B.csv, output/01_model_building/05_pseudobulk/PBMC_Perez2022/PLIER/B.csv, output/01_model_building/05_pseudobulk/Brain_Mathys2023/PCA/B.csv, output/01_model_building/05_pseudobulk/Brain_Xiong2023/PCA/B.csv, output/01_model_building/05_pseudobulk/BRCA_Bassez2021/PCA/B.csv, output/01_model_building/05_pseudobulk/CRC_Pelka2021/PCA/B.csv, output/01_model_building/05_pseudobulk/PBMC_1k1k/PCA/B.csv, output/01_model_building/05_pseudobulk/PBMC_Perez2022/PCA/B.csv, output/01_model_building/05_pseudobulk/Brain_Mathys2023/NMF/B.csv, output/01_model_building/05_pseudobulk/Brain_Xiong2023/NMF/B.csv, output/01_model_building/05_pseudobulk/BRCA_Bassez2021/NMF/B.csv, output/01_model_building/05_pseudobulk/CRC_Pelka2021/NMF/B.csv, output/01_model_building/05_pseudobulk/PBMC_1k1k/NMF/B.csv, output/01_model_building/05_pseudobulk/PBMC_Perez2022/NMF/B.csv, output/01_model_building/05_pseudobulk/Brain_Mathys2023/ICA/B.csv, output/01_model_building/05_pseudobulk/Brain_Xiong2023/ICA/B.csv, output/01_model_building/05_pseudobulk/BRCA_Bassez2021/ICA/B.csv, output/01_model_building/05_pseudobulk/CRC_Pelka2021/ICA/B.csv, output/01_model_building/05_pseudobulk/PBMC_1k1k/ICA/B.csv, output/01_model_building/05_pseudobulk/PBMC_Perez2022/ICA/B.csv, output/01_model_building/05_pseudobulk/Brain_Mathys2023/flashier/B.csv, output/01_model_building/05_pseudobulk/Brain_Xiong2023/flashier/B.csv, output/01_model_building/05_pseudobulk/BRCA_Bassez2021/flashier/B.csv, output/01_model_building/05_pseudobulk/CRC_Pelka2021/flashier/B.csv, output/01_model_building/05_pseudobulk/PBMC_1k1k/flashier/B.csv, output/01_model_building/05_pseudobulk/PBMC_Perez2022/flashier/B.csv, output/01_model_building/05_pseudobulk/Brain_Mathys2023/MOFA_FLEX_PRIOR/B_matrix.csv, output/01_model_building/05_pseudobulk/Brain_Xiong2023/MOFA_FLEX_PRIOR/B_matrix.csv, output/01_model_building/05_pseudobulk/BRCA_Bassez2021/MOFA_FLEX_PRIOR/B_matrix.csv, output/01_model_building/05_pseudobulk/CRC_Pelka2021/MOFA_FLEX_PRIOR/B_matrix.csv, output/01_model_building/05_pseudobulk/PBMC_1k1k/MOFA_FLEX_PRIOR/B_matrix.csv, output/01_model_building/05_pseudobulk/PBMC_Perez2022/MOFA_FLEX_PRIOR/B_matrix.csv, output/01_model_building/05_pseudobulk/Brain_Mathys2023/WGCNA/B.csv, output/01_model_building/05_pseudobulk/Brain_Xiong2023/WGCNA/B.csv, output/01_model_building/05_pseudobulk/BRCA_Bassez2021/WGCNA/B.csv, output/01_model_building/05_pseudobulk/CRC_Pelka2021/WGCNA/B.csv, output/01_model_building/05_pseudobulk/PBMC_1k1k/WGCNA/B.csv, output/01_model_building/05_pseudobulk/PBMC_Perez2022/WGCNA/B.csv, output/01_model_building/05_pseudobulk/Brain_Mathys2023/GSS/B.csv, output/01_model_building/05_pseudobulk/Brain_Xiong2023/GSS/B.csv, output/01_model_building/05_pseudobulk/BRCA_Bassez2021/GSS/B.csv, output/01_model_building/05_pseudobulk/CRC_Pelka2021/GSS/B.csv, output/01_model_building/05_pseudobulk/PBMC_1k1k/GSS/B.csv, output/01_model_building/05_pseudobulk/PBMC_Perez2022/GSS/B.csv, output/03_model_biology/02_pseudobulk/check_outputs.ipynb
    output: output/03_model_biology/02_pseudobulk/benchmark_long.csv, output/03_model_biology/02_pseudobulk/benchmark_summary.csv, output/03_model_biology/02_pseudobulk/notebooks/00_method_benchmark.ipynb
    jobid: 56
    resources: tmpdir=/tmp

[Thu May 28 13:24:13 2026]
Finished job 56.
8 of 9 steps (89%) done
Select jobs to execute...

[Thu May 28 13:24:13 2026]
localrule all:
    input: output/01_model_building/05_pseudobulk/Brain_Mathys2023/norm.csv, output/01_model_building/05_pseudobulk/Brain_Xiong2023/norm.csv, output/01_model_building/05_pseudobulk/BRCA_Bassez2021/norm.csv, output/01_model_building/05_pseudobulk/CRC_Pelka2021/norm.csv, output/01_model_building/05_pseudobulk/PBMC_1k1k/norm.csv, output/01_model_building/05_pseudobulk/PBMC_Perez2022/norm.csv, output/01_model_building/05_pseudobulk/Brain_Mathys2023/CLAMPbase/B.csv, output/01_model_building/05_pseudobulk/Brain_Xiong2023/CLAMPbase/B.csv, output/01_model_building/05_pseudobulk/BRCA_Bassez2021/CLAMPbase/B.csv, output/01_model_building/05_pseudobulk/CRC_Pelka2021/CLAMPbase/B.csv, output/01_model_building/05_pseudobulk/PBMC_1k1k/CLAMPbase/B.csv, output/01_model_building/05_pseudobulk/PBMC_Perez2022/CLAMPbase/B.csv, output/01_model_building/05_pseudobulk/Brain_Mathys2023/CLAMPfull/B.csv, output/01_model_building/05_pseudobulk/Brain_Xiong2023/CLAMPfull/B.csv, output/01_model_building/05_pseudobulk/BRCA_Bassez2021/CLAMPfull/B.csv, output/01_model_building/05_pseudobulk/CRC_Pelka2021/CLAMPfull/B.csv, output/01_model_building/05_pseudobulk/PBMC_1k1k/CLAMPfull/B.csv, output/01_model_building/05_pseudobulk/PBMC_Perez2022/CLAMPfull/B.csv, output/01_model_building/05_pseudobulk/Brain_Mathys2023/PLIER/B.csv, output/01_model_building/05_pseudobulk/Brain_Xiong2023/PLIER/B.csv, output/01_model_building/05_pseudobulk/BRCA_Bassez2021/PLIER/B.csv, output/01_model_building/05_pseudobulk/CRC_Pelka2021/PLIER/B.csv, output/01_model_building/05_pseudobulk/PBMC_1k1k/PLIER/B.csv, output/01_model_building/05_pseudobulk/PBMC_Perez2022/PLIER/B.csv, output/01_model_building/05_pseudobulk/Brain_Mathys2023/PCA/B.csv, output/01_model_building/05_pseudobulk/Brain_Xiong2023/PCA/B.csv, output/01_model_building/05_pseudobulk/BRCA_Bassez2021/PCA/B.csv, output/01_model_building/05_pseudobulk/CRC_Pelka2021/PCA/B.csv, output/01_model_building/05_pseudobulk/PBMC_1k1k/PCA/B.csv, output/01_model_building/05_pseudobulk/PBMC_Perez2022/PCA/B.csv, output/01_model_building/05_pseudobulk/Brain_Mathys2023/NMF/B.csv, output/01_model_building/05_pseudobulk/Brain_Xiong2023/NMF/B.csv, output/01_model_building/05_pseudobulk/BRCA_Bassez2021/NMF/B.csv, output/01_model_building/05_pseudobulk/CRC_Pelka2021/NMF/B.csv, output/01_model_building/05_pseudobulk/PBMC_1k1k/NMF/B.csv, output/01_model_building/05_pseudobulk/PBMC_Perez2022/NMF/B.csv, output/01_model_building/05_pseudobulk/Brain_Mathys2023/ICA/B.csv, output/01_model_building/05_pseudobulk/Brain_Xiong2023/ICA/B.csv, output/01_model_building/05_pseudobulk/BRCA_Bassez2021/ICA/B.csv, output/01_model_building/05_pseudobulk/CRC_Pelka2021/ICA/B.csv, output/01_model_building/05_pseudobulk/PBMC_1k1k/ICA/B.csv, output/01_model_building/05_pseudobulk/PBMC_Perez2022/ICA/B.csv, output/01_model_building/05_pseudobulk/Brain_Mathys2023/flashier/B.csv, output/01_model_building/05_pseudobulk/Brain_Xiong2023/flashier/B.csv, output/01_model_building/05_pseudobulk/BRCA_Bassez2021/flashier/B.csv, output/01_model_building/05_pseudobulk/CRC_Pelka2021/flashier/B.csv, output/01_model_building/05_pseudobulk/PBMC_1k1k/flashier/B.csv, output/01_model_building/05_pseudobulk/PBMC_Perez2022/flashier/B.csv, output/01_model_building/05_pseudobulk/Brain_Mathys2023/MOFA_FLEX_PRIOR/B_matrix.csv, output/01_model_building/05_pseudobulk/Brain_Xiong2023/MOFA_FLEX_PRIOR/B_matrix.csv, output/01_model_building/05_pseudobulk/BRCA_Bassez2021/MOFA_FLEX_PRIOR/B_matrix.csv, output/01_model_building/05_pseudobulk/CRC_Pelka2021/MOFA_FLEX_PRIOR/B_matrix.csv, output/01_model_building/05_pseudobulk/PBMC_1k1k/MOFA_FLEX_PRIOR/B_matrix.csv, output/01_model_building/05_pseudobulk/PBMC_Perez2022/MOFA_FLEX_PRIOR/B_matrix.csv, output/01_model_building/05_pseudobulk/Brain_Mathys2023/WGCNA/B.csv, output/01_model_building/05_pseudobulk/Brain_Xiong2023/WGCNA/B.csv, output/01_model_building/05_pseudobulk/BRCA_Bassez2021/WGCNA/B.csv, output/01_model_building/05_pseudobulk/CRC_Pelka2021/WGCNA/B.csv, output/01_model_building/05_pseudobulk/PBMC_1k1k/WGCNA/B.csv, output/01_model_building/05_pseudobulk/PBMC_Perez2022/WGCNA/B.csv, output/01_model_building/05_pseudobulk/Brain_Mathys2023/GSS/B.csv, output/01_model_building/05_pseudobulk/Brain_Xiong2023/GSS/B.csv, output/01_model_building/05_pseudobulk/BRCA_Bassez2021/GSS/B.csv, output/01_model_building/05_pseudobulk/CRC_Pelka2021/GSS/B.csv, output/01_model_building/05_pseudobulk/PBMC_1k1k/GSS/B.csv, output/01_model_building/05_pseudobulk/PBMC_Perez2022/GSS/B.csv, output/03_model_biology/00_archs4/04_pseudobulk/Brain_Mathys2023/projection.csv, output/03_model_biology/00_archs4/04_pseudobulk/Brain_Xiong2023/projection.csv, output/03_model_biology/00_archs4/04_pseudobulk/BRCA_Bassez2021/projection.csv, output/03_model_biology/00_archs4/04_pseudobulk/CRC_Pelka2021/projection.csv, output/03_model_biology/00_archs4/04_pseudobulk/PBMC_1k1k/projection.csv, output/03_model_biology/00_archs4/04_pseudobulk/PBMC_Perez2022/projection.csv, output/03_model_biology/02_pseudobulk/check_outputs.ipynb, output/03_model_biology/02_pseudobulk/benchmark_long.csv, output/03_model_biology/02_pseudobulk/benchmark_summary.csv
    jobid: 0
    resources: tmpdir=/tmp

[Thu May 28 13:24:13 2026]
Finished job 0.
9 of 9 steps (100%) done
Complete log: /home/msubirana/Documents/pivlab/clamp-analyses/.snakemake/log/2026-05-28T103830.750580.snakemake.log
